---
# Source: bookbag-user/templates/service_account.yaml
apiVersion: v1
kind: ServiceAccount
metadata:
  annotations:
    serviceaccounts.openshift.io/oauth-redirectreference.first: '{"kind":"OAuthRedirectReference","apiVersion":"v1","reference":{"kind":"Route","name":"bookbag"}}'
    serviceaccounts.openshift.io/oauth-redirecturi.first: oauth_callback
    serviceaccounts.openshift.io/oauth-want-challenges: "false"
  name: bookbag
  namespace: bookbag-xraylab-1
---
# Source: bookbag-user/templates/rolebinding.yaml
apiVersion: rbac.authorization.k8s.io/v1
kind: RoleBinding
metadata:
  name: bookbag-admin
  namespace: bookbag-xraylab-1
roleRef:
  apiGroup: rbac.authorization.k8s.io
  kind: ClusterRole
  name: admin
subjects:
- kind: ServiceAccount
  name: bookbag
---
# Source: bookbag-user/templates/rolebinding.yaml
apiVersion: rbac.authorization.k8s.io/v1
kind: RoleBinding
metadata:
  name: system:admin-admin
  namespace: bookbag-xraylab-1
roleRef:
  apiGroup: rbac.authorization.k8s.io
  kind: ClusterRole
  name: admin
subjects:
- kind: User
  name: system:admin
  apiGroup: rbac.authorization.k8s.io
---
# Source: bookbag-user/templates/rolebinding.yaml
apiVersion: rbac.authorization.k8s.io/v1
kind: RoleBinding
metadata:
  name: bookbag-bookbag-xraylab-1
  namespace: bookbag
roleRef:
  apiGroup: rbac.authorization.k8s.io
  kind: ClusterRole
  name: system:image-puller
subjects:
- kind: ServiceAccount
  name: bookbag
  namespace: bookbag-xraylab-1
---
# Source: bookbag-user/templates/rolebinding.yaml
apiVersion: rbac.authorization.k8s.io/v1
kind: RoleBinding
metadata:
  name: xraylab-1-view
  namespace: openshift-storage
roleRef:
  apiGroup: rbac.authorization.k8s.io
  kind: ClusterRole
  name: view
subjects:
- kind: User
  name: xraylab-1
---
# Source: bookbag-user/templates/rolebinding.yaml
apiVersion: rbac.authorization.k8s.io/v1
kind: RoleBinding
metadata:
  name: xraylab-1-admin
  namespace: xraylab-1
roleRef:
  apiGroup: rbac.authorization.k8s.io
  kind: ClusterRole
  name: admin
subjects:
- kind: User
  name: xraylab-1
---
# Source: bookbag-user/templates/rolebinding.yaml
apiVersion: rbac.authorization.k8s.io/v1
kind: RoleBinding
metadata:
  name: system:serviceaccount:bookbag-xraylab-1:bookbag-admin
  namespace: xraylab-1
roleRef:
  apiGroup: rbac.authorization.k8s.io
  kind: ClusterRole
  name: admin
subjects:
- kind: User
  name: system:serviceaccount:bookbag-xraylab-1:bookbag
---
# Source: bookbag-user/templates/service.yaml
apiVersion: v1
kind: Service
metadata:
  name: bookbag
  namespace: bookbag-xraylab-1
spec:
  ports:
  - name: 10080-tcp
    port: 10080
    protocol: TCP
    targetPort: 10080
  selector:
    deployment: bookbag
  type: ClusterIP
---
# Source: bookbag-user/templates/deployment.yaml
apiVersion: apps/v1
kind: Deployment
metadata:
  name: bookbag
  namespace: bookbag-xraylab-1
spec:
  replicas: 1
  selector:
    matchLabels:
      deployment: bookbag
  strategy:
    type: Recreate
  template:
    metadata:
      labels:
        deployment: bookbag
    spec:
      restartPolicy: Always
      serviceAccountName: bookbag
      initContainers:
      - name: setup-console
        image: image-registry.openshift-image-registry.svc:5000/bookbag/xraylab-bookbag:latest
        command:
        - /opt/workshop/bin/setup-console.sh
        resources:
          requests:
            cpu: 100m
            memory: 128Mi
          limits:
            cpu: 100m
            memory: 128Mi
        volumeMounts:
        - name: shared
          mountPath: /var/run/workshop
      containers:
      - name: terminal
        image: image-registry.openshift-image-registry.svc:5000/bookbag/xraylab-bookbag:latest
        imagePullPolicy: Always
        env:
        - name: APPLICATION_NAME
          value: bookbag
        - name: AUTH_USERNAME
          value: '*'
        - name: CONSOLE_IMAGE
          value: quay.io/openshift-release-dev/ocp-v4.0-art-dev@sha256:e86a75b8ec69f9ee4c3062a94a714d40b164f28b307f32ff446ccce0462e76d2
        - name: CONSOLE_BRANDING
          value: openshift
        - name: ROLE
          value: admin
        - name: CONSOLE_URL
          value: http://0.0.0.0:10083
        - name: OAUTH_SERVICE_ACCOUNT
          value: bookbag
        - name: DOWNLOAD_URL
        - name: WORKSHOP_FILE
        - name: OC_VERSION
        - name: ODO_VERSION
        - name: KUBECTL_VERSION
        #jrickard- name: WORKSHOP_VARS
        #jrickard  value: "null"
        ports:
        - containerPort: 10080
          protocol: TCP
        resources:
          requests:
            cpu: 250m
            memory: 512Mi
          limits:
            cpu: 250m
            memory: 512Mi
        volumeMounts:
        - name: shared
          mountPath: /var/run/workshop
      - name: console
        image: quay.io/openshift-release-dev/ocp-v4.0-art-dev@sha256:e86a75b8ec69f9ee4c3062a94a714d40b164f28b307f32ff446ccce0462e76d2
        command:
        - /var/run/workshop/start-console.sh
        env:
        - name: BRIDGE_K8S_MODE
          value: in-cluster
        - name: BRIDGE_LISTEN
          value: http://0.0.0.0:10083
        - name: BRIDGE_BASE_PATH
          value: /console/
        - name: BRIDGE_PUBLIC_DIR
          value: /opt/bridge/static
        - name: BRIDGE_USER_AUTH
          value: disabled
        - name: BRIDGE_BRANDING
          value: openshift
        resources:
          requests:
            cpu: 100m
            memory: 128Mi
          limits:
            cpu: 100m
            memory: 128Mi
        volumeMounts:
        - name: shared
          mountPath: /var/run/workshop
      volumes:
      - name: shared
        emptyDir: {}
---
# Source: bookbag-user/templates/route.yaml
apiVersion: route.openshift.io/v1
kind: Route
metadata:
  name: bookbag
  namespace: bookbag-xraylab-1
spec:
  port:
    targetPort: 10080-tcp
  tls:
    insecureEdgeTerminationPolicy: Redirect
    termination: edge
  to:
    kind: Service
    name: bookbag
