---
# Source: user/templates/xray-user-rolebinding.yaml
apiVersion: rbac.authorization.k8s.io/v1
kind: RoleBinding
metadata:
  name: "demo-user-view"
    #  namespace: ""
roleRef:
  apiGroup: rbac.authorization.k8s.io
  kind: ClusterRole
  name: "admin"
subjects:
- apiGroup: rbac.authorization.k8s.io
  kind: User
  name: "demo-user"
---
# Source: user/templates/xray-user-project.yaml
apiVersion: project.openshift.io/v1
kind: Project
metadata:
  name: "demo-user"
#  namespace: xraylab-1
  annotations:
    openshift.io/description: ""
    openshift.io/display-name: "demo-user"
