---
# Source: image-server/templates/image-server-buckets-cm.yaml
apiVersion: v1
kind: ConfigMap
metadata:
  name: buckets-config
  namespace: "xraylab-demo"
data:
  bucket-source: ""
  bucket-base-name: "xraylab-1"
---
# Source: image-server/templates/image-server-service-point-cm.yaml
apiVersion: v1
kind: ConfigMap
metadata:
  name: service-point
  namespace: "xraylab-demo"
data:
  url: "http://rook-ceph-rgw-ocs-storagecluster-cephobjectstore.openshift-storage.svc.cluster.local"
  url-external: "https://s3-rgw-openshift-storage.apps.xraylab-demo.example.com"
---
# Source: image-server/templates/image-server-svc.yaml
apiVersion: v1
kind: Service
metadata:
  name: image-server
  namespace: "xraylab-demo"
spec:
  ports:
    - protocol: TCP
      port: 80
      targetPort: 5000
  selector:
    name: image-server
---
# Source: image-server/templates/image-server-dc.yaml
kind: DeploymentConfig
apiVersion: apps.openshift.io/v1
metadata:
  name: image-server
  namespace: "xraylab-demo"
spec:
  triggers:
    - type: ImageChange
      imageChangeParams:
        automatic: true
        containerNames:
          - image-server
        from:
          kind: ImageStreamTag
          name: image-server:latest
    - type: ConfigChange
  replicas: 1
  revisionHistoryLimit: 3
  template:
    metadata:
      labels:
        name: image-server
    spec:
      containers:
        - name: image-server
          image: image-server:latest
          env:
            - name: database-user
              valueFrom:
                secretKeyRef:
                  name: db-secret
                  key: database-user
            - name: database-password
              valueFrom:
                secretKeyRef:
                  name: db-secret
                  key: database-password
            - name: database-host
              valueFrom:
                secretKeyRef:
                  name: db-secret
                  key: database-host
            - name: database-db
              valueFrom:
                secretKeyRef:
                  name: db-secret
                  key: database-db
            - name: service_point
              valueFrom:
                configMapKeyRef:
                  name: service-point
                  key: url-external
            - name: bucket-base-name
              valueFrom:
                configMapKeyRef:
                  name: buckets-config
                  key: bucket-base-name
          ports:
            - containerPort: 5000
          resources:
            limits:
              cpu: "2"
              memory: 1G
            requests:
              cpu: 400m
              memory: 100M
          imagePullPolicy: IfNotPresent
      restartPolicy: Always
      terminationGracePeriodSeconds: 30
      dnsPolicy: ClusterFirst
      securityContext: {}
      schedulerName: default-scheduler
---
# Source: image-server/templates/image-server-is.yaml
apiVersion: image.openshift.io/v1
kind: ImageStream
metadata:
  name: image-server
  namespace: "xraylab-demo"
spec:
  lookupPolicy:
    local: true
  tags:
    - name: latest
      from:
        kind: DockerImage
        name: 'quay.io/rh-data-services/xraylab-image-server:latest'
      importPolicy: {}
      referencePolicy:
        type: Source
---
# Source: image-server/templates/image-server-route.yaml
kind: Route
apiVersion: route.openshift.io/v1
metadata:
  name: image-server
  namespace: "xraylab-demo"
spec:
  to:
    kind: Service
    name: image-server
    weight: 100
  port:
    targetPort: 5000
  tls:
    termination: edge
  wildcardPolicy: None
