---
# Source: bookbag/templates/bookbag-sa.yaml
apiVersion: v1
kind: ServiceAccount
metadata:
  name: bookbag
  namespace: bookbag-xraylab-1
---
# Source: bookbag/templates/bookbag-buildconfig.yaml
apiVersion: build.openshift.io/v1
kind: BuildConfig
metadata:
  name: "xraylab-bookbag"
  namespace: "bookbag"
spec:
  source:
    git:
      ref: "main"
      uri: "https://github.com/red-hat-data-services/xraylab-bookbag.git"
    type: Git
  output:
    to:
      kind: ImageStreamTag
      name: "xraylab-bookbag:latest"
  strategy:
    type: Docker
    dockerStrategy:
      from:
        kind: DockerImage
        name: "quay.io/openshifthomeroom/workshop-dashboard:5.0.0"
  triggers:
  - type: ConfigChange
---
# Source: bookbag/templates/bookbag-is.yaml
apiVersion: image.openshift.io/v1
kind: ImageStream
metadata:
  name: "xraylab-bookbag"
  namespace: "bookbag"
spec:
  lookupPolicy:
    local: false
---
# Source: bookbag/templates/bookbag-project.yaml
apiVersion: project.openshift.io/v1
kind: Project
metadata:
  name: "bookbag"
  annotations:
    openshift.io/description: ""
    openshift.io/display-name: "Bookbag XRay Lab"
    openshift.io/requester: "system:admin"
