---
# Source: knative/templates/knative-operator.yaml
apiVersion: operator.knative.dev/v1alpha1
kind: KnativeEventing
metadata:
  name: knative-eventing
  namespace: knative-eventing
---
# Source: knative/templates/knative-operator.yaml
apiVersion: operator.serverless.openshift.io/v1alpha1
kind: KnativeKafka
metadata:
  name: knative-kafka
  namespace: knative-eventing
spec:
  channel:
    enabled: true
    bootstrapServers: xray-cluster-kafka-bootstrap.xraylab-1.svc:9092
  source:
    enabled: true
---
# Source: knative/templates/knative-operator.yaml
apiVersion: operator.knative.dev/v1alpha1
kind: KnativeServing
metadata:
  name: knative-serving
  namespace: knative-serving
