---
# Source: secrets/templates/db-secret.yaml
apiVersion: v1
kind: Secret
metadata:
  name: db-secret
  namespace: "xraylab-1"  
stringData:
  database-user: ""
  database-password: ""
  database-root-password: ""
  database-host: ""
  database-db: ""
  database-master-password: ""
  database-master-user: ""
